MT3_QUALIFICATION_PROGRESS lr=1e-04 seed=2026092303 updates=100/500
MT3_QUALIFICATION_PROGRESS lr=1e-04 seed=2026092303 updates=200/500
MT3_QUALIFICATION_PROGRESS lr=1e-04 seed=2026092303 updates=300/500
MT3_QUALIFICATION_PROGRESS lr=1e-04 seed=2026092303 updates=400/500
MT3_QUALIFICATION_PROGRESS lr=1e-04 seed=2026092303 updates=500/500
MT3_QUALIFICATION_VALIDATION lr=1e-04 seed=2026092303 tasks=1/32
MT3_QUALIFICATION_VALIDATION lr=1e-04 seed=2026092303 tasks=2/32
MT3_QUALIFICATION_VALIDATION lr=1e-04 seed=2026092303 tasks=3/32
MT3_QUALIFICATION_VALIDATION lr=1e-04 seed=2026092303 tasks=4/32
MT3_QUALIFICATION_VALIDATION lr=1e-04 seed=2026092303 tasks=5/32
MT3_QUALIFICATION_VALIDATION lr=1e-04 seed=2026092303 tasks=6/32
MT3_QUALIFICATION_VALIDATION lr=1e-04 seed=2026092303 tasks=7/32
MT3_QUALIFICATION_VALIDATION lr=1e-04 seed=2026092303 tasks=8/32
MT3_QUALIFICATION_VALIDATION lr=1e-04 seed=2026092303 tasks=9/32
MT3_QUALIFICATION_VALIDATION lr=1e-04 seed=2026092303 tasks=10/32
MT3_QUALIFICATION_VALIDATION lr=1e-04 seed=2026092303 tasks=11/32
MT3_QUALIFICATION_VALIDATION lr=1e-04 seed=2026092303 tasks=12/32
MT3_QUALIFICATION_VALIDATION lr=1e-04 seed=2026092303 tasks=13/32
MT3_QUALIFICATION_VALIDATION lr=1e-04 seed=2026092303 tasks=14/32
MT3_QUALIFICATION_VALIDATION lr=1e-04 seed=2026092303 tasks=15/32
MT3_QUALIFICATION_VALIDATION lr=1e-04 seed=2026092303 tasks=16/32
MT3_QUALIFICATION_VALIDATION lr=1e-04 seed=2026092303 tasks=17/32
MT3_QUALIFICATION_VALIDATION lr=1e-04 seed=2026092303 tasks=18/32
MT3_QUALIFICATION_VALIDATION lr=1e-04 seed=2026092303 tasks=19/32
MT3_QUALIFICATION_VALIDATION lr=1e-04 seed=2026092303 tasks=20/32
MT3_QUALIFICATION_VALIDATION lr=1e-04 seed=2026092303 tasks=21/32
MT3_QUALIFICATION_VALIDATION lr=1e-04 seed=2026092303 tasks=22/32
MT3_QUALIFICATION_VALIDATION lr=1e-04 seed=2026092303 tasks=23/32
MT3_QUALIFICATION_VALIDATION lr=1e-04 seed=2026092303 tasks=24/32
MT3_QUALIFICATION_VALIDATION lr=1e-04 seed=2026092303 tasks=25/32
MT3_QUALIFICATION_VALIDATION lr=1e-04 seed=2026092303 tasks=26/32
MT3_QUALIFICATION_VALIDATION lr=1e-04 seed=2026092303 tasks=27/32
MT3_QUALIFICATION_VALIDATION lr=1e-04 seed=2026092303 tasks=28/32
MT3_QUALIFICATION_VALIDATION lr=1e-04 seed=2026092303 tasks=29/32
MT3_QUALIFICATION_VALIDATION lr=1e-04 seed=2026092303 tasks=30/32
MT3_QUALIFICATION_VALIDATION lr=1e-04 seed=2026092303 tasks=31/32
MT3_QUALIFICATION_VALIDATION lr=1e-04 seed=2026092303 tasks=32/32
MT3_QUALIFICATION_PROGRESS lr=1e-04 seed=2026092304 updates=100/500
MT3_QUALIFICATION_PROGRESS lr=1e-04 seed=2026092304 updates=200/500
MT3_QUALIFICATION_PROGRESS lr=1e-04 seed=2026092304 updates=300/500
MT3_QUALIFICATION_PROGRESS lr=1e-04 seed=2026092304 updates=400/500
MT3_QUALIFICATION_PROGRESS lr=1e-04 seed=2026092304 updates=500/500
MT3_QUALIFICATION_VALIDATION lr=1e-04 seed=2026092304 tasks=1/32
MT3_QUALIFICATION_VALIDATION lr=1e-04 seed=2026092304 tasks=2/32
MT3_QUALIFICATION_VALIDATION lr=1e-04 seed=2026092304 tasks=3/32
MT3_QUALIFICATION_VALIDATION lr=1e-04 seed=2026092304 tasks=4/32
MT3_QUALIFICATION_VALIDATION lr=1e-04 seed=2026092304 tasks=5/32
MT3_QUALIFICATION_VALIDATION lr=1e-04 seed=2026092304 tasks=6/32
MT3_QUALIFICATION_VALIDATION lr=1e-04 seed=2026092304 tasks=7/32
MT3_QUALIFICATION_VALIDATION lr=1e-04 seed=2026092304 tasks=8/32
MT3_QUALIFICATION_VALIDATION lr=1e-04 seed=2026092304 tasks=9/32
MT3_QUALIFICATION_VALIDATION lr=1e-04 seed=2026092304 tasks=10/32
MT3_QUALIFICATION_VALIDATION lr=1e-04 seed=2026092304 tasks=11/32
MT3_QUALIFICATION_VALIDATION lr=1e-04 seed=2026092304 tasks=12/32
MT3_QUALIFICATION_VALIDATION lr=1e-04 seed=2026092304 tasks=13/32
MT3_QUALIFICATION_VALIDATION lr=1e-04 seed=2026092304 tasks=14/32
MT3_QUALIFICATION_VALIDATION lr=1e-04 seed=2026092304 tasks=15/32
MT3_QUALIFICATION_VALIDATION lr=1e-04 seed=2026092304 tasks=16/32
MT3_QUALIFICATION_VALIDATION lr=1e-04 seed=2026092304 tasks=17/32
MT3_QUALIFICATION_VALIDATION lr=1e-04 seed=2026092304 tasks=18/32
MT3_QUALIFICATION_VALIDATION lr=1e-04 seed=2026092304 tasks=19/32
MT3_QUALIFICATION_VALIDATION lr=1e-04 seed=2026092304 tasks=20/32
MT3_QUALIFICATION_VALIDATION lr=1e-04 seed=2026092304 tasks=21/32
MT3_QUALIFICATION_VALIDATION lr=1e-04 seed=2026092304 tasks=22/32
MT3_QUALIFICATION_VALIDATION lr=1e-04 seed=2026092304 tasks=23/32
MT3_QUALIFICATION_VALIDATION lr=1e-04 seed=2026092304 tasks=24/32
MT3_QUALIFICATION_VALIDATION lr=1e-04 seed=2026092304 tasks=25/32
MT3_QUALIFICATION_VALIDATION lr=1e-04 seed=2026092304 tasks=26/32
MT3_QUALIFICATION_VALIDATION lr=1e-04 seed=2026092304 tasks=27/32
MT3_QUALIFICATION_VALIDATION lr=1e-04 seed=2026092304 tasks=28/32
MT3_QUALIFICATION_VALIDATION lr=1e-04 seed=2026092304 tasks=29/32
MT3_QUALIFICATION_VALIDATION lr=1e-04 seed=2026092304 tasks=30/32
MT3_QUALIFICATION_VALIDATION lr=1e-04 seed=2026092304 tasks=31/32
MT3_QUALIFICATION_VALIDATION lr=1e-04 seed=2026092304 tasks=32/32
MT3_QUALIFICATION_PROGRESS lr=3e-04 seed=2026092303 updates=100/500
Traceback (most recent call last):
  File "<frozen runpy>", line 198, in _run_module_as_main
  File "<frozen runpy>", line 88, in _run_code
  File "/venv/main/lib/python3.12/site-packages/waveforge/experiments/run_mt3_qualification.py", line 431, in <module>
    main()
  File "/venv/main/lib/python3.12/site-packages/waveforge/experiments/run_mt3_qualification.py", line 412, in main
    verdict = run_locked_qualification(
              ^^^^^^^^^^^^^^^^^^^^^^^^^
  File "/venv/main/lib/python3.12/site-packages/waveforge/experiments/run_mt3_qualification.py", line 360, in run_locked_qualification
    assert_paid_runtime_authorized(projected_hours, hourly_usd, credit_usd)
TypeError: assert_paid_runtime_authorized() takes 2 positional arguments but 3 were given
MT3_QUALIFICATION_PROGRESS lr=3e-04 seed=2026092303 updates=200/500
MT3_QUALIFICATION_PROGRESS lr=3e-04 seed=2026092303 updates=300/500
MT3_QUALIFICATION_PROGRESS lr=3e-04 seed=2026092303 updates=400/500
MT3_QUALIFICATION_PROGRESS lr=3e-04 seed=2026092303 updates=500/500
MT3_QUALIFICATION_VALIDATION lr=3e-04 seed=2026092303 tasks=1/32
MT3_QUALIFICATION_VALIDATION lr=3e-04 seed=2026092303 tasks=2/32
MT3_QUALIFICATION_VALIDATION lr=3e-04 seed=2026092303 tasks=3/32
MT3_QUALIFICATION_VALIDATION lr=3e-04 seed=2026092303 tasks=4/32
MT3_QUALIFICATION_VALIDATION lr=3e-04 seed=2026092303 tasks=5/32
MT3_QUALIFICATION_VALIDATION lr=3e-04 seed=2026092303 tasks=6/32
MT3_QUALIFICATION_VALIDATION lr=3e-04 seed=2026092303 tasks=7/32
MT3_QUALIFICATION_VALIDATION lr=3e-04 seed=2026092303 tasks=8/32
MT3_QUALIFICATION_VALIDATION lr=3e-04 seed=2026092303 tasks=9/32
MT3_QUALIFICATION_VALIDATION lr=3e-04 seed=2026092303 tasks=10/32
MT3_QUALIFICATION_VALIDATION lr=3e-04 seed=2026092303 tasks=11/32
MT3_QUALIFICATION_VALIDATION lr=3e-04 seed=2026092303 tasks=12/32
MT3_QUALIFICATION_VALIDATION lr=3e-04 seed=2026092303 tasks=13/32
MT3_QUALIFICATION_VALIDATION lr=3e-04 seed=2026092303 tasks=14/32
MT3_QUALIFICATION_VALIDATION lr=3e-04 seed=2026092303 tasks=15/32
MT3_QUALIFICATION_VALIDATION lr=3e-04 seed=2026092303 tasks=16/32
MT3_QUALIFICATION_VALIDATION lr=3e-04 seed=2026092303 tasks=17/32
MT3_QUALIFICATION_VALIDATION lr=3e-04 seed=2026092303 tasks=18/32
MT3_QUALIFICATION_VALIDATION lr=3e-04 seed=2026092303 tasks=19/32
MT3_QUALIFICATION_VALIDATION lr=3e-04 seed=2026092303 tasks=20/32
MT3_QUALIFICATION_VALIDATION lr=3e-04 seed=2026092303 tasks=21/32
MT3_QUALIFICATION_VALIDATION lr=3e-04 seed=2026092303 tasks=22/32
MT3_QUALIFICATION_VALIDATION lr=3e-04 seed=2026092303 tasks=23/32
MT3_QUALIFICATION_VALIDATION lr=3e-04 seed=2026092303 tasks=24/32
MT3_QUALIFICATION_VALIDATION lr=3e-04 seed=2026092303 tasks=25/32
MT3_QUALIFICATION_VALIDATION lr=3e-04 seed=2026092303 tasks=26/32
MT3_QUALIFICATION_VALIDATION lr=3e-04 seed=2026092303 tasks=27/32
MT3_QUALIFICATION_VALIDATION lr=3e-04 seed=2026092303 tasks=28/32
MT3_QUALIFICATION_VALIDATION lr=3e-04 seed=2026092303 tasks=29/32
MT3_QUALIFICATION_VALIDATION lr=3e-04 seed=2026092303 tasks=30/32
MT3_QUALIFICATION_VALIDATION lr=3e-04 seed=2026092303 tasks=31/32
MT3_QUALIFICATION_VALIDATION lr=3e-04 seed=2026092303 tasks=32/32
MT3_QUALIFICATION_PROGRESS lr=3e-04 seed=2026092304 updates=100/500
MT3_QUALIFICATION_PROGRESS lr=3e-04 seed=2026092304 updates=200/500
MT3_QUALIFICATION_PROGRESS lr=3e-04 seed=2026092304 updates=300/500
MT3_QUALIFICATION_PROGRESS lr=3e-04 seed=2026092304 updates=400/500
MT3_QUALIFICATION_PROGRESS lr=3e-04 seed=2026092304 updates=500/500
MT3_QUALIFICATION_VALIDATION lr=3e-04 seed=2026092304 tasks=1/32
MT3_QUALIFICATION_VALIDATION lr=3e-04 seed=2026092304 tasks=2/32
MT3_QUALIFICATION_VALIDATION lr=3e-04 seed=2026092304 tasks=3/32
MT3_QUALIFICATION_VALIDATION lr=3e-04 seed=2026092304 tasks=4/32
MT3_QUALIFICATION_VALIDATION lr=3e-04 seed=2026092304 tasks=5/32
MT3_QUALIFICATION_VALIDATION lr=3e-04 seed=2026092304 tasks=6/32
MT3_QUALIFICATION_VALIDATION lr=3e-04 seed=2026092304 tasks=7/32
MT3_QUALIFICATION_VALIDATION lr=3e-04 seed=2026092304 tasks=8/32
MT3_QUALIFICATION_VALIDATION lr=3e-04 seed=2026092304 tasks=9/32
MT3_QUALIFICATION_VALIDATION lr=3e-04 seed=2026092304 tasks=10/32
MT3_QUALIFICATION_VALIDATION lr=3e-04 seed=2026092304 tasks=11/32
MT3_QUALIFICATION_VALIDATION lr=3e-04 seed=2026092304 tasks=12/32
MT3_QUALIFICATION_VALIDATION lr=3e-04 seed=2026092304 tasks=13/32
MT3_QUALIFICATION_VALIDATION lr=3e-04 seed=2026092304 tasks=14/32
MT3_QUALIFICATION_VALIDATION lr=3e-04 seed=2026092304 tasks=15/32
MT3_QUALIFICATION_VALIDATION lr=3e-04 seed=2026092304 tasks=16/32
MT3_QUALIFICATION_VALIDATION lr=3e-04 seed=2026092304 tasks=17/32
MT3_QUALIFICATION_VALIDATION lr=3e-04 seed=2026092304 tasks=18/32
MT3_QUALIFICATION_VALIDATION lr=3e-04 seed=2026092304 tasks=19/32
MT3_QUALIFICATION_VALIDATION lr=3e-04 seed=2026092304 tasks=20/32
MT3_QUALIFICATION_VALIDATION lr=3e-04 seed=2026092304 tasks=21/32
MT3_QUALIFICATION_VALIDATION lr=3e-04 seed=2026092304 tasks=22/32
MT3_QUALIFICATION_VALIDATION lr=3e-04 seed=2026092304 tasks=23/32
MT3_QUALIFICATION_VALIDATION lr=3e-04 seed=2026092304 tasks=24/32
MT3_QUALIFICATION_VALIDATION lr=3e-04 seed=2026092304 tasks=25/32
MT3_QUALIFICATION_VALIDATION lr=3e-04 seed=2026092304 tasks=26/32
MT3_QUALIFICATION_VALIDATION lr=3e-04 seed=2026092304 tasks=27/32
MT3_QUALIFICATION_VALIDATION lr=3e-04 seed=2026092304 tasks=28/32
MT3_QUALIFICATION_VALIDATION lr=3e-04 seed=2026092304 tasks=29/32
MT3_QUALIFICATION_VALIDATION lr=3e-04 seed=2026092304 tasks=30/32
MT3_QUALIFICATION_VALIDATION lr=3e-04 seed=2026092304 tasks=31/32
MT3_QUALIFICATION_VALIDATION lr=3e-04 seed=2026092304 tasks=32/32
MT3_QUALIFICATION_AUTHORIZED
